---------------------------------------------------------------------------------------------------
Date: 10/5/2026 -- 17:14:45 (uptime: 0d, 00h 00m 17s)
---------------------------------------------------------------------------------------------------
Counter                                                      | TM Name                   | Value
---------------------------------------------------------------------------------------------------
decoder.pkts                                                 | Total                     | 7892
decoder.bytes                                                | Total                     | 43042467
decoder.ipv4                                                 | Total                     | 7248
decoder.ipv6                                                 | Total                     | 15
decoder.ethernet                                             | Total                     | 7892
decoder.arp                                                  | Total                     | 629
decoder.tcp                                                  | Total                     | 7113
tcp.syn                                                      | Total                     | 38
tcp.synack                                                   | Total                     | 38
tcp.rst                                                      | Total                     | 2
decoder.udp                                                  | Total                     | 128
decoder.icmpv6                                               | Total                     | 11
decoder.avg_pkt_size                                         | Total                     | 5453
decoder.max_pkt_size                                         | Total                     | 8814
flow.total                                                   | Total                     | 110
flow.tcp                                                     | Total                     | 45
flow.udp                                                     | Total                     | 63
flow.icmpv6                                                  | Total                     | 2
flow.wrk.spare_sync_avg                                      | Total                     | 100
flow.wrk.spare_sync                                          | Total                     | 4
decoder.event.ipv4.opt_pad_required                          | Total                     | 11
decoder.event.ipv6.zero_len_padn                             | Total                     | 11
flow.wrk.flows_evicted_needs_work                            | Total                     | 32
flow.wrk.flows_evicted_pkt_inject                            | Total                     | 32
flow.wrk.flows_evicted                                       | Total                     | 9
flow.wrk.flows_injected                                      | Total                     | 31
tcp.sessions                                                 | Total                     | 32
tcp.ssn_from_cache                                           | Total                     | 1
tcp.ssn_from_pool                                            | Total                     | 31
tcp.invalid_checksum                                         | Total                     | 6782
detect.alert                                                 | Total                     | 6843
app_layer.flow.ntp                                           | Total                     | 45
app_layer.flow.dhcp                                          | Total                     | 4
app_layer.flow.mdns                                          | Total                     | 1
app_layer.flow.failed_udp                                    | Total                     | 4
app_layer.flow.dns_udp                                       | Total                     | 9
app_layer.tx.dns_udp                                         | Total                     | 20
app_layer.tx.ntp                                             | Total                     | 91
app_layer.tx.dhcp                                            | Total                     | 8
app_layer.tx.mdns                                            | Total                     | 1
flow.end.state.new                                           | Total                     | 53
flow.end.state.established                                   | Total                     | 57
flow.end.tcp_state.syn_sent                                  | Total                     | 32
flow.mgr.rows_per_sec                                        | Total                     | 6553
flow.spare                                                   | Total                     | 9700
memcap.pressure                                              | Total                     | 5
memcap.pressure_max                                          | Total                     | 5
defrag.memuse                                                | Total                     | 12582768
flow.recycler.recycled                                       | Total                     | 70
flow.recycler.queue_max                                      | Total                     | 45
tcp.memuse                                                   | Total                     | 2490368
tcp.reassembly_memuse                                        | Total                     | 458752
http.byterange.memuse                                        | Total                     | 168384
http.byterange.memcap                                        | Total                     | 104857600
ippair.memuse                                                | Total                     | 398144
ippair.memcap                                                | Total                     | 16777216
host.memuse                                                  | Total                     | 382144
host.memcap                                                  | Total                     | 33554432
detect.thresholds.cache.memuse                               | Total                     | 8736
flow.memuse                                                  | Total                     | 7154304
